     1                                  
     2                                  
     3                                  
     4                                  	ORG	0x7c00
     5                                  
     6 00000000 EB4E                    	JMP	entry
     7 00000002 90                      	DB	0x90
     8 00000003 48415249424F5445        	DB	"HARIBOTE"
     9 0000000B 0002                    	DW	512
    10 0000000D 01                      	DB	1
    11 0000000E 0100                    	DW	1
    12 00000010 02                      	DB	2
    13 00000011 E000                    	DW	224
    14 00000013 400B                    	DW	2880
    15 00000015 F0                      	DB	0xf0
    16 00000016 0900                    	DW	9
    17 00000018 1200                    	DW	18
    18 0000001A 0200                    	DW	2
    19 0000001C 00000000                	DD	0
    20 00000020 400B0000                	DD	2880
    21 00000024 000029                  	DB	0,0,0x29
    22 00000027 FFFFFFFF                	DD	0xffffffff
    23 0000002B 48415249424F54454F-     	DB	"HARIBOTEOS "
    23 00000034 5320               
    24 00000036 4641543132202020        	DB	"FAT12   "
    25 0000003E 00<rep 12h>             	TIMES 18 DB 0
    26                                  
    27                                  entry:
    28 00000050 B80000                  	MOV	AX,0
    29 00000053 8ED0                    	MOV	SS,AX
    30 00000055 BC007C                  	MOV	SP,0x7c00
    31 00000058 8ED8                    	MOV	DS,AX
    32                                  
    33 0000005A B82008                  	MOV	AX,0x0820
    34 0000005D 8EC0                    	MOV	ES,AX
    35 0000005F B500                    	MOV	CH,0
    36 00000061 B600                    	MOV	DH,0
    37 00000063 B102                    	MOV	CL,2
    38                                  
    39                                  readloop:
    40 00000065 BE0000                  	MOV	SI,0
    41                                  
    42                                  retry:
    43 00000068 B402                    	MOV	AH,0x02
    44 0000006A B001                    	MOV	AL,1
    45 0000006C BB0000                  	MOV	BX,0
    46 0000006F B200                    	MOV	DL,0x00
    47 00000071 CD13                    	INT	0x13
    48 00000073 7310                    	JNC	next
    49 00000075 83C601                  	ADD	SI,1
    50 00000078 83FE05                  	CMP	SI,5
    51 0000007B 731A                    	JAE	error
    52 0000007D B400                    	MOV	AH,0x00
    53 0000007F B200                    	MOV	DL,0x00
    54 00000081 CD13                    	INT	0x13
    55 00000083 EBE3                    	JMP	retry
    56                                  
    57                                  next:
    58 00000085 8CC0                    	MOV	AX,ES
    59 00000087 83C020                  	ADD	AX,0x0020
    60 0000008A 8EC0                    	MOV	ES,AX
    61 0000008C 80C101                  	ADD	CL,1
    62 0000008F 80F912                  	CMP	CL,18
    63 00000092 76D1                    	JBE	readloop
    64                                  
    65                                  fin:
    66 00000094 F4                      	HLT
    67 00000095 EBFD                    	JMP	fin
    68                                  
    69                                  error:
    70 00000097 BE[AC00]                	MOV	SI,msg
    71                                  
    72                                  putloop:
    73 0000009A 8A04                    	MOV	AL,[SI]
    74 0000009C 83C601                  	ADD	SI,1
    75 0000009F 3C00                    	CMP	AL,0
    76 000000A1 74F1                    	JE	fin
    77 000000A3 B40E                    	MOV	AH,0x0e
    78 000000A5 BB0F00                  	MOV	BX,15
    79 000000A8 CD10                    	INT	0x10
    80 000000AA EBEE                    	JMP	putloop
    81                                  	
    82                                  msg:
    83 000000AC 0A0A                    	DB	0x0a, 0x0a
    84 000000AE 6C6F6164206572726F-     	DB	"load error"
    84 000000B7 72                 
    85 000000B8 0A                      	DB	0x0a
    86 000000B9 00                      	DB	0
    87 000000BA 00<rep 144h>            	TIMES 0x1fe-($-$$) DB 0
    88 000001FE 55AA                    	DB	0x55, 0xaa
    89                                  
    90 00000200 F0FFFF0000000000        DB 0xf0, 0xff, 0xff, 0x00, 0x00, 0x00, 0x00, 0x00
    91 00000208 00<rep 11F8h>           TIMES 4600 DB 0
    92 00001400 F0FFFF0000000000        DB 0xf0, 0xff, 0xff, 0x00, 0x00, 0x00, 0x00, 0x00
    93 00001408 00<rep 166BF8h>         TIMES 1469432 DB 0
