Archive member included to satisfy reference by file (symbol)

../lib/libstdio.a(sprintf.o)  console.o (sprintf)
../lib/libstring.a(strcmp.o)  console.o (strcmp)
../lib/libstring.a(strncmp.o)
                              console.o (strncmp)

Memory Configuration

Name             Origin             Length             Attributes
*default*        0x0000000000000000 0xffffffffffffffff

Linker script and memory map

LOAD boot.o
LOAD naskfunc.o
LOAD hankaku.o
LOAD graphic.o
LOAD dsctbl.o
LOAD int.o
LOAD queue.o
LOAD keyboard.o
LOAD mouse.o
LOAD memory.o
LOAD sheet.o
LOAD timer.o
LOAD mtask.o
LOAD window.o
LOAD console.o
LOAD file.o
LOAD ../lib/libstdio.a
LOAD ../lib/libstring.a

.head           0x0000000000000000       0x24
                0x0000000000000000        0x4 LONG 0x10000
                0x0000000000000004        0x4 LONG 0x69726148
                0x0000000000000008        0x4 LONG 0x0
                0x000000000000000c        0x4 LONG 0x310000
                0x0000000000000010        0x4 LONG 0x3b68 SIZEOF (.data)
                0x0000000000000014        0x4 LONG 0x6b49 LOADADDR (.data)
                0x0000000000000018        0x4 LONG 0xe9000000
                0x000000000000001c        0x4 LONG 0x10 (Boot - 0x20)
                0x0000000000000020        0x4 LONG 0x0

.text           0x0000000000000030     0x6b19
 *(.text)
 .text          0x0000000000000030     0x11a9 boot.o
                0x0000000000000030                Boot
                0x0000000000000e17                key_window_off
                0x0000000000000e55                key_window_on
                0x0000000000000e93                open_console_task
                0x0000000000000f92                open_console
                0x000000000000112c                close_console_task
                0x000000000000118b                close_console
 *fill*         0x00000000000011d9        0x7 
 .text          0x00000000000011e0      0x1c3 naskfunc.o
                0x00000000000011e0                io_hlt
                0x00000000000011e2                io_cli
                0x00000000000011e4                io_sti
                0x00000000000011e6                io_stihlt
                0x00000000000011e9                io_in8
                0x00000000000011f4                io_in16
                0x0000000000001200                io_in32
                0x0000000000001206                io_out8
                0x0000000000001210                io_out16
                0x000000000000121b                io_out32
                0x0000000000001225                io_load_eflags
                0x0000000000001228                io_store_eflags
                0x000000000000122f                load_gdtr
                0x000000000000123f                load_idtr
                0x000000000000124f                load_cr0
                0x0000000000001253                store_cr0
                0x000000000000125b                load_tr
                0x0000000000001261                asm_inthandler20
                0x0000000000001278                asm_inthandler21
                0x000000000000128f                asm_inthandler27
                0x00000000000012a6                asm_inthandler2c
                0x00000000000012bd                asm_inthandler0c
                0x00000000000012e1                asm_inthandler0d
                0x0000000000001301                farjmp
                0x0000000000001306                farcall
                0x000000000000130b                memtest_sub
                0x000000000000134d                asm_hrb_api
                0x000000000000136a                asm_end_app
                0x0000000000001375                start_app
 .text          0x00000000000013a3        0x0 hankaku.o
 .text          0x00000000000013a3      0x9dc graphic.o
                0x00000000000013a3                init_palette
                0x000000000000150a                set_palette
                0x00000000000015b0                boxfill8
                0x00000000000015ff                init_screen8
                0x000000000000181a                putfont8
                0x0000000000001912                putfonts8_asc
                0x0000000000001c42                init_mouse_cursor8
                0x0000000000001d14                putblock8_8
 .text          0x0000000000001d7f      0x261 dsctbl.o
                0x0000000000001d7f                init_gdtidt
                0x0000000000001f2a                set_segmdesc
                0x0000000000001fa1                set_gatedesc
 .text          0x0000000000001fe0       0xf3 int.o
                0x0000000000001fe0                init_pic
                0x00000000000020bb                inthandler27
 .text          0x00000000000020d3      0x178 queue.o
                0x00000000000020d3                queue32_init
                0x000000000000211a                queue32_put
                0x00000000000021c7                queue32_get
                0x0000000000002236                queue32_status
 .text          0x000000000000224b       0xa6 keyboard.o
                0x000000000000224b                inthandler21
                0x0000000000002290                wait_KBC_sendready
                0x00000000000022b0                init_keyboard
 .text          0x00000000000022f1      0x1d8 mouse.o
                0x00000000000022f1                inthandler2c
                0x0000000000002348                enable_mouse
                0x0000000000002396                mouse_decode
 .text          0x00000000000024c9      0x4a9 memory.o
                0x00000000000024c9                memtest
                0x0000000000002580                memman_init
                0x00000000000025ad                memman_total
                0x00000000000025e5                memman_alloc
                0x00000000000026cb                memman_free
                0x0000000000002917                memman_alloc_4k
                0x0000000000002943                memman_free_4k
 .text          0x0000000000002972      0xf47 sheet.o
                0x0000000000002972                shtctl_init
                0x0000000000002a54                sheet_alloc
                0x0000000000002ad4                sheet_setbuf
                0x0000000000002afd                sheet_refreshmap
                0x0000000000002e0f                sheet_refreshsub
                0x00000000000033a1                sheet_updown
                0x000000000000370e                sheet_refresh
                0x000000000000377f                sheet_slide
                0x0000000000003892                sheet_free
 .text          0x00000000000038b9      0x3b2 timer.o
                0x00000000000038b9                init_pit
                0x0000000000003961                timer_alloc
                0x00000000000039c7                timer_free
                0x00000000000039d4                timer_init
                0x00000000000039ec                timer_settime
                0x0000000000003a98                inthandler20
                0x0000000000003b43                timer_cancel
                0x0000000000003bdf                timer_cancel_all
 .text          0x0000000000003c6b      0x742 mtask.o
                0x0000000000003c6b                task_now
                0x0000000000003cb0                task_add
                0x0000000000003d0e                task_remove
                0x0000000000003dde                task_switchsub
                0x0000000000003e3e                task_idle
                0x0000000000003e4b                task_init
                0x00000000000040ea                task_alloc
                0x00000000000041fc                task_run
                0x0000000000004269                task_sleep
                0x00000000000042b9                task_switch
 .text          0x00000000000043ad      0x5fc window.o
                0x00000000000043ad                make_window8
                0x0000000000004537                make_wtitle8
                0x0000000000004626                putfonts8_asc_sht
                0x00000000000046c5                make_textbox8
                0x00000000000048c4                change_wtitle8
 .text          0x00000000000049a9     0x1cb0 console.o
                0x00000000000049a9                console_task
                0x0000000000004dac                cons_putchar
                0x0000000000004ec7                cons_putstr0
                0x0000000000004ef7                cons_putstr1
                0x0000000000004f32                cons_newline
                0x000000000000506c                cons_run_cmd
                0x00000000000051e7                cmd_free
                0x0000000000005235                cmd_clear
                0x00000000000052b1                cmd_ls
                0x00000000000053dc                cmd_exit
                0x00000000000054ef                cmd_start
                0x00000000000055a6                cmd_ncst
                0x0000000000005628                cmd_lang
                0x000000000000567c                cmd_app
                0x0000000000005a3d                hrb_api
                0x000000000000646d                inthandler0c
                0x00000000000064d1                inthandler0d
                0x0000000000006535                hrb_draw_line_window
 .text          0x0000000000006659      0x2ab file.o
                0x0000000000006659                file_read_fat
                0x0000000000006703                file_load_file
                0x00000000000067a7                file_search
 .text          0x0000000000006904      0x1a1 ../lib/libstdio.a(sprintf.o)
                0x0000000000006904                dec2asc
                0x000000000000697e                hex2asc
                0x0000000000006a09                sprintf
 .text          0x0000000000006aa5       0x45 ../lib/libstring.a(strcmp.o)
                0x0000000000006aa5                strcmp
 .text          0x0000000000006aea       0x5f ../lib/libstring.a(strncmp.o)
                0x0000000000006aea                strncmp

.data           0x0000000000310000     0x3b68 load address 0x0000000000006b49
 *(.data)
 .data          0x0000000000310000      0x100 boot.o
 .data          0x0000000000310100     0x1000 hankaku.o
                0x0000000000310100                hankaku
 .data          0x0000000000311100      0x140 graphic.o
 .data          0x0000000000311240        0x0 dsctbl.o
 .data          0x0000000000311240        0x0 int.o
 .data          0x0000000000311240        0x0 queue.o
 .data          0x0000000000311240        0x0 keyboard.o
 .data          0x0000000000311240        0x0 mouse.o
 .data          0x0000000000311240        0x0 memory.o
 .data          0x0000000000311240        0x0 sheet.o
 .data          0x0000000000311240        0x0 timer.o
 .data          0x0000000000311240        0x0 mtask.o
 .data          0x0000000000311240       0xe0 window.o
 .data          0x0000000000311320        0x0 console.o
 .data          0x0000000000311320        0x0 file.o
 .data          0x0000000000311320        0x0 ../lib/libstdio.a(sprintf.o)
 .data          0x0000000000311320        0x0 ../lib/libstring.a(strcmp.o)
 .data          0x0000000000311320        0x0 ../lib/libstring.a(strncmp.o)
 *(.rodata*)
 .rodata        0x0000000000311320       0x26 boot.o
 *fill*         0x0000000000311346        0x2 
 .rodata        0x0000000000311348       0xe5 console.o
 *(.bss)
 .bss           0x000000000031142d        0x0 boot.o
 .bss           0x000000000031142d        0x0 hankaku.o
 .bss           0x000000000031142d        0x0 graphic.o
 .bss           0x000000000031142d        0x0 dsctbl.o
 .bss           0x000000000031142d        0x0 int.o
 .bss           0x000000000031142d        0x0 queue.o
 *fill*         0x000000000031142d        0x3 
 .bss           0x0000000000311430        0x8 keyboard.o
                0x0000000000311430                keyqueue
                0x0000000000311434                keydata0
 .bss           0x0000000000311438        0x8 mouse.o
                0x0000000000311438                mousequeue
                0x000000000031143c                mousedata0
 .bss           0x0000000000311440        0x0 memory.o
 .bss           0x0000000000311440        0x0 sheet.o
 .bss           0x0000000000311440     0x2720 timer.o
                0x0000000000311440                timerctl
 .bss           0x0000000000313b60        0x8 mtask.o
                0x0000000000313b60                taskctl
                0x0000000000313b64                task_timer
 .bss           0x0000000000313b68        0x0 window.o
 .bss           0x0000000000313b68        0x0 console.o
 .bss           0x0000000000313b68        0x0 file.o
 .bss           0x0000000000313b68        0x0 ../lib/libstdio.a(sprintf.o)
 .bss           0x0000000000313b68        0x0 ../lib/libstring.a(strcmp.o)
 .bss           0x0000000000313b68        0x0 ../lib/libstring.a(strncmp.o)

/DISCARD/
 *(.eh_frame)
OUTPUT(boot.hrb binary)

.comment        0x0000000000000000      0x156
 .comment       0x0000000000000000       0x13 boot.o
 .comment       0x0000000000000013       0x13 hankaku.o
 .comment       0x0000000000000026       0x13 graphic.o
 .comment       0x0000000000000039       0x13 dsctbl.o
 .comment       0x000000000000004c       0x13 int.o
 .comment       0x000000000000005f       0x13 queue.o
 .comment       0x0000000000000072       0x13 keyboard.o
 .comment       0x0000000000000085       0x13 mouse.o
 .comment       0x0000000000000098       0x13 memory.o
 .comment       0x00000000000000ab       0x13 sheet.o
 .comment       0x00000000000000be       0x13 timer.o
 .comment       0x00000000000000d1       0x13 mtask.o
 .comment       0x00000000000000e4       0x13 window.o
 .comment       0x00000000000000f7       0x13 console.o
 .comment       0x000000000000010a       0x13 file.o
 .comment       0x000000000000011d       0x13 ../lib/libstdio.a(sprintf.o)
 .comment       0x0000000000000130       0x13 ../lib/libstring.a(strcmp.o)
 .comment       0x0000000000000143       0x13 ../lib/libstring.a(strncmp.o)

.debug_aranges  0x0000000000000000       0x20
 .debug_aranges
                0x0000000000000000       0x20 naskfunc.o

.debug_pubnames
                0x0000000000000000        0x0
 .debug_pubnames
                0x0000000000000000        0x0 naskfunc.o

.debug_info     0x0000000000000000       0x3f
 .debug_info    0x0000000000000000       0x3f naskfunc.o

.debug_abbrev   0x0000000000000000       0x1b
 .debug_abbrev  0x0000000000000000       0x1b naskfunc.o

.debug_line     0x0000000000000000      0x116
 .debug_line    0x0000000000000000      0x116 naskfunc.o

.debug_frame    0x0000000000000000        0x0
 .debug_frame   0x0000000000000000        0x0 naskfunc.o

.debug_loc      0x0000000000000000        0x0
 .debug_loc     0x0000000000000000        0x0 naskfunc.o
