     1                                  [BITS 32]
     2                                  
     3                                  GLOBAL	io_hlt, io_cli, io_sti, io_stihlt
     4                                  GLOBAL	io_in8,  io_in16,  io_in32
     5                                  GLOBAL	io_out8, io_out16, io_out32
     6                                  GLOBAL	io_load_eflags, io_store_eflags
     7                                  
     8                                  [SECTION .text]
     9                                  
    10                                  io_hlt:
    11 00000000 F4                      	HLT
    12 00000001 C3                      	RET
    13                                  
    14                                  io_cli:
    15 00000002 FA                      	CLI
    16 00000003 C3                      	RET
    17                                  
    18                                  io_sti:
    19 00000004 FB                      	STI
    20 00000005 C3                      	RET
    21                                  
    22                                  io_stihlt:
    23 00000006 FB                      	STI
    24 00000007 F4                      	HLT
    25 00000008 C3                      	RET
    26                                  
    27                                  io_in8:
    28 00000009 8B542404                	MOV		EDX,[ESP+4]
    29 0000000D B800000000              	MOV		EAX,0
    30 00000012 EC                      	IN		AL,DX
    31 00000013 C3                      	RET
    32                                  
    33                                  io_in16:
    34 00000014 8B542404                	MOV		EDX,[ESP+4]
    35 00000018 B800000000              	MOV		EAX,0
    36 0000001D 66ED                    	IN		AX,DX
    37 0000001F C3                      	RET
    38                                  
    39                                  io_in32:
    40 00000020 8B542404                	MOV		EDX,[ESP+4]
    41 00000024 ED                      	IN		EAX,DX
    42 00000025 C3                      	RET
    43                                  
    44                                  io_out8:
    45 00000026 8B542404                	MOV		EDX,[ESP+4]
    46 0000002A 8A442408                	MOV		AL,[ESP+8]
    47 0000002E EE                      	OUT		DX,AL
    48 0000002F C3                      	RET
    49                                  
    50                                  io_out16:
    51 00000030 8B542404                	MOV		EDX,[ESP+4]
    52 00000034 8B442408                	MOV		EAX,[ESP+8]
    53 00000038 66EF                    	OUT		DX,AX
    54 0000003A C3                      	RET
    55                                  
    56                                  io_out32:
    57 0000003B 8B542404                	MOV		EDX,[ESP+4]
    58 0000003F 8B442408                	MOV		EAX,[ESP+8]
    59 00000043 EF                      	OUT		DX,EAX
    60 00000044 C3                      	RET
    61                                  
    62                                  io_load_eflags:
    63 00000045 9C                      		PUSHFD
    64 00000046 58                      		POP		EAX
    65 00000047 C3                      		RET
    66                                  
    67                                  io_store_eflags:
    68 00000048 8B442404                		MOV		EAX,[ESP+4]
    69 0000004C 50                      		PUSH	EAX
    70 0000004D 9D                      		POPFD
    71 0000004E C3                      		RET
