     1                                  ; haribote.na
     2                                  CYLS EQU 0x0ff0
     3                                  LEDS EQU 0x0ff1
     4                                  VMODE EQU 0x0ff2
     5                                  SCRNX EQU 0x0ff4
     6                                  SCRNY EQU 0x0ff6
     7                                  VRAM EQU 0x0ff8
     8                                  
     9                                  ORG 0xc200
    10                                  
    11 00000000 B013                    MOV AL, 0x13
    12 00000002 B400                    MOV AH, 0x00
    13 00000004 CD10                    INT 0x10
    14 00000006 C606F20F08              MOV BYTE [VMODE], 8
    15 0000000B C706F40F4001            MOV WORD [SCRNX], 320
    16 00000011 C706F60FC800            MOV WORD [SCRNY], 200
    17 00000017 66C706F80F00000A00      MOV DWORD [VRAM], 0x000a0000
    18                                  
    19 00000020 B402                    MOV AH, 0x02
    20 00000022 CD16                    INT 0x16
    21 00000024 A2F10F                  MOV [LEDS], AL
    22                                  
    23                                  fin:
    24 00000027 F4                        HLT
    25 00000028 EBFD                      JMP fin
