     1                                  
     2                                  
     3                                  
     4                                  ORG		0x7c00
     5                                  
     6 00000000 EB4E                    JMP		entry
     7 00000002 90                      DB		0x90
     8 00000003 48415249424F5445        DB		"HARIBOTE"
     9 0000000B 0002                    DW		512
    10 0000000D 01                      DB		1
    11 0000000E 0100                    DW		1
    12 00000010 02                      DB		2
    13 00000011 E000                    DW		224
    14 00000013 400B                    DW		2880
    15 00000015 F0                      DB		0xf0
    16 00000016 0900                    DW		9
    17 00000018 1200                    DW		18
    18 0000001A 0200                    DW		2
    19 0000001C 00000000                DD		0
    20 00000020 400B0000                DD		2880
    21 00000024 000029                  DB		0,0,0x29
    22 00000027 FFFFFFFF                DD		0xffffffff
    23 0000002B 48415249424F54454F-     DB		"HARIBOTEOS "
    23 00000034 5320               
    24 00000036 4641543132202020        DB		"FAT12   "
    25 0000003E 00<rep 12h>             TIMES 18 DB 0
    26                                  
    27                                  entry:
    28 00000050 B80000                  	MOV		AX,0
    29 00000053 8ED0                    	MOV		SS,AX
    30 00000055 BC007C                  	MOV		SP,0x7c00
    31 00000058 8ED8                    	MOV		DS,AX
    32                                  
    33 0000005A B82008                  	MOV		AX,0x0820
    34 0000005D 8EC0                    	MOV		ES,AX
    35 0000005F B500                    	MOV		CH,0
    36 00000061 B600                    	MOV		DH,0
    37 00000063 B102                    	MOV		CL,2
    38                                  
    39 00000065 BE0000                  	MOV		SI,0
    40                                  
    41                                  retry:
    42 00000068 B402                    	MOV		AH,0x02
    43 0000006A B001                    	MOV		AL,1
    44 0000006C BB0000                  	MOV		BX,0
    45 0000006F B200                    	MOV		DL,0x00
    46 00000071 CD13                    	INT		0x13
    47 00000073 7310                    	JNC		fin
    48 00000075 83C601                  	ADD		SI,1
    49 00000078 83FE05                  	CMP		SI,5
    50 0000007B 730B                    	JAE		error
    51 0000007D B400                    	MOV		AH,0x00
    52 0000007F B200                    	MOV		DL,0x00
    53 00000081 CD13                    	INT		0x13
    54 00000083 EBE3                    	JMP		retry
    55                                  
    56                                  fin:
    57 00000085 F4                      	HLT
    58 00000086 EBFD                    	JMP		fin
    59                                  
    60                                  error:
    61 00000088 BE[9D00]                	MOV		SI,msg
    62                                  
    63                                  putloop:
    64 0000008B 8A04                    	MOV		AL,[SI]
    65 0000008D 83C601                  	ADD		SI,1
    66 00000090 3C00                    	CMP		AL,0
    67 00000092 74F1                    	JE		fin
    68 00000094 B40E                    	MOV		AH,0x0e
    69 00000096 BB0F00                  	MOV		BX,15
    70 00000099 CD10                    	INT		0x10
    71 0000009B EBEE                    	JMP		putloop
    72                                  
    73                                  msg:
    74 0000009D 0A0A                    	DB		0x0a, 0x0a
    75 0000009F 6C6F6164206572726F-     	DB		"load error"
    75 000000A8 72                 
    76 000000A9 0A                      	DB		0x0a
    77 000000AA 00                      	DB		0
    78                                  
    79 000000AB 00<rep 153h>            	TIMES 0x1fe-($-$$) DB 0
    80 000001FE 55AA                    	DB		0x55, 0xaa
    81                                  
    82 00000200 F0FFFF0000000000        DB 0xf0, 0xff, 0xff, 0x00, 0x00, 0x00, 0x00, 0x00
    83 00000208 00<rep 11F8h>           TIMES 4600 DB 0
    84 00001400 F0FFFF0000000000        DB 0xf0, 0xff, 0xff, 0x00, 0x00, 0x00, 0x00, 0x00
    85 00001408 00<rep 166BF8h>         TIMES 1469432 DB 0
